mvn : WARNING: A terminally deprecated method in sun.misc.Unsafe has been 
called
At line:1 char:180
+ ... e-maven-3.9.11\bin;' + $env:PATH; mvn clean test-compile 2>&1 | Out-F ...
+                                       ~~~~~~~~~~~~~~~~~~~~~~~~~~~
    + CategoryInfo          : NotSpecified: (WARNING: A term...has been called 
   :String) [], RemoteException
    + FullyQualifiedErrorId : NativeCommandError
 
WARNING: sun.misc.Unsafe::staticFieldBase has been called by 
com.google.inject.internal.aop.HiddenClassDefiner 
(file:/C:/Program%20Files/apache-maven-3.9.11/lib/guice-5.1.0-classes.jar)
WARNING: Please consider reporting this to the maintainers of class 
com.google.inject.internal.aop.HiddenClassDefiner
WARNING: sun.misc.Unsafe::staticFieldBase will be removed in a future release
[INFO] Scanning for projects...
[INFO] 
[INFO] -----------------< com.resumeai:smart-resume-platform >-----------------
[INFO] Building smart-resume-platform 1.0.0
[INFO]   from pom.xml
[INFO] --------------------------------[ jar ]---------------------------------
[INFO] 
[INFO] --- clean:3.5.0:clean (default-clean) @ smart-resume-platform ---
[INFO] Deleting C:\Users\adhi6\Downloads\smart-resume-platform\backend\target
[INFO] 
[INFO] --- resources:3.3.1:resources (default-resources) @ smart-resume-platform ---
[INFO] Copying 1 resource from src\main\resources to target\classes
[INFO] Copying 0 resource from src\main\resources to target\classes
[INFO] 
[INFO] --- compiler:3.14.1:compile (default-compile) @ smart-resume-platform ---
[INFO] Recompiling the module because of changed source code.
[INFO] Compiling 18 source files with javac [debug parameters release 25] to target\classes
[WARNING] /C:/Users/adhi6/Downloads/smart-resume-platform/backend/src/main/java/com/resumeai/model/Job.java:[34,21] @Builder will ignore the initializing expression entirely. If you want the initializing expression to serve as default, add @Builder.Default. If it is not supposed to be settable during building, make the field final.
[WARNING] /C:/Users/adhi6/Downloads/smart-resume-platform/backend/src/main/java/com/resumeai/model/Job.java:[37,20] @Builder will ignore the initializing expression entirely. If you want the initializing expression to serve as default, add @Builder.Default. If it is not supposed to be settable during building, make the field final.
[WARNING] /C:/Users/adhi6/Downloads/smart-resume-platform/backend/src/main/java/com/resumeai/model/Job.java:[43,21] @Builder will ignore the initializing expression entirely. If you want the initializing expression to serve as default, add @Builder.Default. If it is not supposed to be settable during building, make the field final.
[WARNING] /C:/Users/adhi6/Downloads/smart-resume-platform/backend/src/main/java/com/resumeai/model/Job.java:[47,20] @Builder will ignore the initializing expression entirely. If you want the initializing expression to serve as default, add @Builder.Default. If it is not supposed to be settable during building, make the field final.
[WARNING] /C:/Users/adhi6/Downloads/smart-resume-platform/backend/src/main/java/com/resumeai/model/ScreeningResult.java:[66,29] @Builder will ignore the initializing expression entirely. If you want the initializing expression to serve as default, add @Builder.Default. If it is not supposed to be settable during building, make the field final.
[INFO] 
[INFO] --- resources:3.3.1:testResources (default-testResources) @ smart-resume-platform ---
[INFO] skip non existing resourceDirectory C:\Users\adhi6\Downloads\smart-resume-platform\backend\src\test\resources
[INFO] 
[INFO] --- compiler:3.14.1:testCompile (default-testCompile) @ smart-resume-platform ---
[INFO] No sources to compile
[INFO] ------------------------------------------------------------------------
[INFO] BUILD SUCCESS
[INFO] ------------------------------------------------------------------------
[INFO] Total time:  10.314 s
[INFO] Finished at: 2026-05-21T09:30:00+05:30
[INFO] ------------------------------------------------------------------------
